<?xml version="1.0" encoding="utf-8"?><testsuites><testsuite name="pytest" errors="0" failures="0" skipped="0" tests="10" time="3.765" timestamp="2023-05-31T22:45:39.849053" hostname="manj"><testcase classname="tests.application.test_social_worker_service" name="test_failed_login" time="3.063" /><testcase classname="tests.application.test_social_worker_service" name="test_verify_token" time="0.002" /><testcase classname="tests.application.test_social_worker_service" name="test_refresh_session" time="0.002" /><testcase classname="tests.application.test_social_worker_service" name="test_failed_refresh_session_invalid_token" time="0.001" /><testcase classname="tests.application.test_social_worker_service" name="test_delete_refresh_token" time="0.001" /><testcase classname="tests.domain.repositories.test_social_worker_repository" name="test_find_all" time="0.002" /><testcase classname="tests.domain.repositories.test_social_worker_repository" name="test_save_new_social_worker" time="0.013" /><testcase classname="tests.domain.repositories.test_social_worker_repository" name="test_validateSocialWorker" time="0.004" /><testcase classname="tests.domain.repositories.test_social_worker_repository" name="test_invalidateSocialWorker" time="0.001" /><testcase classname="tests.domain.repositories.test_social_worker_repository" name="test_invalidateSocialWorker_2" time="0.001" /></testsuite></testsuites>